gcc : src/main_win32.c: 
In function 'WndProc':
At line:1 char:1
+ gcc -Wall -Wextra 
-std=c99 -Iinclude -o 
student_manager.exe 
src/main_ ...
+ ~~~~~~~~~~~~~~~~~~~~~~~~
~~~~~~~~~~~~~~~~~~~~~~~~~~
~~~~~~~~~~~~~~~~~~~
    + CategoryInfo        
      : NotSpecified: (s  
  rc/main_win32.c: In f   
 unction 'WndProc'::St    
ring) [], RemoteExcep    
tion
    + FullyQualifiedError 
   Id : NativeCommandErr  
  or
 
src/main_win32.c:322:44: 
error: 'NMCUSTOMDRAW' 
{aka 'struct 
tagNMCUSTOMDRAWINFO'} has 
no member named 'lParam'
  322 |                   
      int 
r=(int)cd->nmcd.lParam; 
float g=students[r].gpa_4_
avg>0?students[r].gpa_4_av
g:students[r].gpa_4;
      |                   
                         ^
src/dlg_student.c: In 
function 
'StudentDlgWndProc':
src/dlg_student.c:279:24: 
warning: unused variable 
'H' [-Wunused-variable]
  279 |             int 
W=660, H=490, bY=455;
      |                   
     ^
