gcc : src/management.c: 
In function 'add_student':
At line:1 char:1
+ gcc -Wall -Wextra 
-std=c99 -Iinclude 
src/main_win32.c 
src/academic.c  ...
+ ~~~~~~~~~~~~~~~~~~~~~~~~
~~~~~~~~~~~~~~~~~~~~~~~~~~
~~~~~~~~~~~~~~~~~~~
    + CategoryInfo        
      : NotSpecified: (s  
  rc/management.... 'ad   
 d_student'::String) [    
], RemoteException
    + FullyQualifiedError 
   Id : NativeCommandErr  
  or
 
src/management.c:13:9: 
warning: implicit 
declaration of function 
'WideCharToMultiByte' [-Wi
mplicit-function-declarati
on]
   13 |         WideCharTo
MultiByte(CP_UTF8, 0, 
s.name_w, -1, s.name, 50, 
NULL, NULL);
      |         
^~~~~~~~~~~~~~~~~~~
src/management.c:13:29: 
error: 'CP_UTF8' 
undeclared (first use in 
this function)
   13 |         WideCharTo
MultiByte(CP_UTF8, 0, 
s.name_w, -1, s.name, 50, 
NULL, NULL);
      |                   
          ^~~~~~~
src/management.c:13:29: 
note: each undeclared 
identifier is reported 
only once for each 
function it appears in
src/management.c:15:9: 
warning: implicit 
declaration of function 
'MultiByteToWideChar' [-Wi
mplicit-function-declarati
on]
   15 |         MultiByteT
oWideChar(CP_UTF8, 0, 
s.name, -1, s.name_w, 50);
      |         
^~~~~~~~~~~~~~~~~~~
